------------------------------------------------------------
TimeQuest Timing Analyzer Summary
------------------------------------------------------------

Type  : Slow 1200mV 85C Model Setup 'u0|altpll_0|sd1|pll7|clk[0]'
Slack : 1.501
TNS   : 0.000

Type  : Slow 1200mV 85C Model Setup 'CLOCK_50'
Slack : 9.209
TNS   : 0.000

Type  : Slow 1200mV 85C Model Setup 'altera_reserved_tck'
Slack : 44.862
TNS   : 0.000

Type  : Slow 1200mV 85C Model Hold 'u0|altpll_0|sd1|pll7|clk[0]'
Slack : 0.284
TNS   : 0.000

Type  : Slow 1200mV 85C Model Hold 'CLOCK_50'
Slack : 0.348
TNS   : 0.000

Type  : Slow 1200mV 85C Model Hold 'altera_reserved_tck'
Slack : 0.402
TNS   : 0.000

Type  : Slow 1200mV 85C Model Recovery 'u0|altpll_0|sd1|pll7|clk[0]'
Slack : 4.253
TNS   : 0.000

Type  : Slow 1200mV 85C Model Recovery 'CLOCK_50'
Slack : 15.968
TNS   : 0.000

Type  : Slow 1200mV 85C Model Recovery 'altera_reserved_tck'
Slack : 48.326
TNS   : 0.000

Type  : Slow 1200mV 85C Model Removal 'CLOCK_50'
Slack : 1.033
TNS   : 0.000

Type  : Slow 1200mV 85C Model Removal 'altera_reserved_tck'
Slack : 1.233
TNS   : 0.000

Type  : Slow 1200mV 85C Model Removal 'u0|altpll_0|sd1|pll7|clk[0]'
Slack : 3.931
TNS   : 0.000

Type  : Slow 1200mV 85C Model Minimum Pulse Width 'u0|altpll_0|sd1|pll7|clk[0]'
Slack : 4.621
TNS   : 0.000

Type  : Slow 1200mV 85C Model Minimum Pulse Width 'CLOCK_50'
Slack : 9.550
TNS   : 0.000

Type  : Slow 1200mV 85C Model Minimum Pulse Width 'CLOCK2_50'
Slack : 16.000
TNS   : 0.000

Type  : Slow 1200mV 85C Model Minimum Pulse Width 'CLOCK3_50'
Slack : 16.000
TNS   : 0.000

Type  : Slow 1200mV 85C Model Minimum Pulse Width 'altera_reserved_tck'
Slack : 49.546
TNS   : 0.000

Type  : Slow 1200mV 0C Model Setup 'u0|altpll_0|sd1|pll7|clk[0]'
Slack : 2.177
TNS   : 0.000

Type  : Slow 1200mV 0C Model Setup 'CLOCK_50'
Slack : 10.072
TNS   : 0.000

Type  : Slow 1200mV 0C Model Setup 'altera_reserved_tck'
Slack : 45.418
TNS   : 0.000

Type  : Slow 1200mV 0C Model Hold 'u0|altpll_0|sd1|pll7|clk[0]'
Slack : 0.286
TNS   : 0.000

Type  : Slow 1200mV 0C Model Hold 'CLOCK_50'
Slack : 0.337
TNS   : 0.000

Type  : Slow 1200mV 0C Model Hold 'altera_reserved_tck'
Slack : 0.353
TNS   : 0.000

Type  : Slow 1200mV 0C Model Recovery 'u0|altpll_0|sd1|pll7|clk[0]'
Slack : 4.861
TNS   : 0.000

Type  : Slow 1200mV 0C Model Recovery 'CLOCK_50'
Slack : 16.368
TNS   : 0.000

Type  : Slow 1200mV 0C Model Recovery 'altera_reserved_tck'
Slack : 48.591
TNS   : 0.000

Type  : Slow 1200mV 0C Model Removal 'CLOCK_50'
Slack : 0.933
TNS   : 0.000

Type  : Slow 1200mV 0C Model Removal 'altera_reserved_tck'
Slack : 1.138
TNS   : 0.000

Type  : Slow 1200mV 0C Model Removal 'u0|altpll_0|sd1|pll7|clk[0]'
Slack : 3.556
TNS   : 0.000

Type  : Slow 1200mV 0C Model Minimum Pulse Width 'u0|altpll_0|sd1|pll7|clk[0]'
Slack : 4.649
TNS   : 0.000

Type  : Slow 1200mV 0C Model Minimum Pulse Width 'CLOCK_50'
Slack : 9.556
TNS   : 0.000

Type  : Slow 1200mV 0C Model Minimum Pulse Width 'CLOCK2_50'
Slack : 16.000
TNS   : 0.000

Type  : Slow 1200mV 0C Model Minimum Pulse Width 'CLOCK3_50'
Slack : 16.000
TNS   : 0.000

Type  : Slow 1200mV 0C Model Minimum Pulse Width 'altera_reserved_tck'
Slack : 49.478
TNS   : 0.000

Type  : Fast 1200mV 0C Model Setup 'u0|altpll_0|sd1|pll7|clk[0]'
Slack : 5.614
TNS   : 0.000

Type  : Fast 1200mV 0C Model Setup 'CLOCK_50'
Slack : 14.554
TNS   : 0.000

Type  : Fast 1200mV 0C Model Setup 'altera_reserved_tck'
Slack : 47.767
TNS   : 0.000

Type  : Fast 1200mV 0C Model Hold 'u0|altpll_0|sd1|pll7|clk[0]'
Slack : 0.100
TNS   : 0.000

Type  : Fast 1200mV 0C Model Hold 'CLOCK_50'
Slack : 0.139
TNS   : 0.000

Type  : Fast 1200mV 0C Model Hold 'altera_reserved_tck'
Slack : 0.180
TNS   : 0.000

Type  : Fast 1200mV 0C Model Recovery 'u0|altpll_0|sd1|pll7|clk[0]'
Slack : 6.978
TNS   : 0.000

Type  : Fast 1200mV 0C Model Recovery 'CLOCK_50'
Slack : 17.845
TNS   : 0.000

Type  : Fast 1200mV 0C Model Recovery 'altera_reserved_tck'
Slack : 49.502
TNS   : 0.000

Type  : Fast 1200mV 0C Model Removal 'CLOCK_50'
Slack : 0.496
TNS   : 0.000

Type  : Fast 1200mV 0C Model Removal 'altera_reserved_tck'
Slack : 0.574
TNS   : 0.000

Type  : Fast 1200mV 0C Model Removal 'u0|altpll_0|sd1|pll7|clk[0]'
Slack : 2.025
TNS   : 0.000

Type  : Fast 1200mV 0C Model Minimum Pulse Width 'u0|altpll_0|sd1|pll7|clk[0]'
Slack : 4.750
TNS   : 0.000

Type  : Fast 1200mV 0C Model Minimum Pulse Width 'CLOCK_50'
Slack : 9.200
TNS   : 0.000

Type  : Fast 1200mV 0C Model Minimum Pulse Width 'CLOCK2_50'
Slack : 16.000
TNS   : 0.000

Type  : Fast 1200mV 0C Model Minimum Pulse Width 'CLOCK3_50'
Slack : 16.000
TNS   : 0.000

Type  : Fast 1200mV 0C Model Minimum Pulse Width 'altera_reserved_tck'
Slack : 49.300
TNS   : 0.000

------------------------------------------------------------
